Archive member included to satisfy reference by file (symbol)

/Applications/STM32CubeIDE.app/Contents/Eclipse/plugins/com.st.stm32cube.ide.mcu.externaltools.gnu-tools-for-stm32.14.3.rel1.macosaarch64_1.0.0.202602081740/tools/bin/../lib/gcc/arm-none-eabi/14.3.1/../../../../arm-none-eabi/lib/thumb/v7e-m+fp/hard/libc_nano.a(libc_a-exit.o)
                              /Applications/STM32CubeIDE.app/Contents/Eclipse/plugins/com.st.stm32cube.ide.mcu.externaltools.gnu-tools-for-stm32.14.3.rel1.macosaarch64_1.0.0.202602081740/tools/bin/../lib/gcc/arm-none-eabi/14.3.1/../../../../arm-none-eabi/lib/thumb/v7e-m+fp/hard/crt0.o (exit)
/Applications/STM32CubeIDE.app/Contents/Eclipse/plugins/com.st.stm32cube.ide.mcu.externaltools.gnu-tools-for-stm32.14.3.rel1.macosaarch64_1.0.0.202602081740/tools/bin/../lib/gcc/arm-none-eabi/14.3.1/../../../../arm-none-eabi/lib/thumb/v7e-m+fp/hard/libc_nano.a(libc_a-findfp.o)
                              /Applications/STM32CubeIDE.app/Contents/Eclipse/plugins/com.st.stm32cube.ide.mcu.externaltools.gnu-tools-for-stm32.14.3.rel1.macosaarch64_1.0.0.202602081740/tools/bin/../lib/gcc/arm-none-eabi/14.3.1/../../../../arm-none-eabi/lib/thumb/v7e-m+fp/hard/libc_nano.a(libc_a-exit.o) (__stdio_exit_handler)
/Applications/STM32CubeIDE.app/Contents/Eclipse/plugins/com.st.stm32cube.ide.mcu.externaltools.gnu-tools-for-stm32.14.3.rel1.macosaarch64_1.0.0.202602081740/tools/bin/../lib/gcc/arm-none-eabi/14.3.1/../../../../arm-none-eabi/lib/thumb/v7e-m+fp/hard/libc_nano.a(libc_a-fwalk.o)
                              /Applications/STM32CubeIDE.app/Contents/Eclipse/plugins/com.st.stm32cube.ide.mcu.externaltools.gnu-tools-for-stm32.14.3.rel1.macosaarch64_1.0.0.202602081740/tools/bin/../lib/gcc/arm-none-eabi/14.3.1/../../../../arm-none-eabi/lib/thumb/v7e-m+fp/hard/libc_nano.a(libc_a-findfp.o) (_fwalk_sglue)
/Applications/STM32CubeIDE.app/Contents/Eclipse/plugins/com.st.stm32cube.ide.mcu.externaltools.gnu-tools-for-stm32.14.3.rel1.macosaarch64_1.0.0.202602081740/tools/bin/../lib/gcc/arm-none-eabi/14.3.1/../../../../arm-none-eabi/lib/thumb/v7e-m+fp/hard/libc_nano.a(libc_a-memset.o)
                              /Applications/STM32CubeIDE.app/Contents/Eclipse/plugins/com.st.stm32cube.ide.mcu.externaltools.gnu-tools-for-stm32.14.3.rel1.macosaarch64_1.0.0.202602081740/tools/bin/../lib/gcc/arm-none-eabi/14.3.1/../../../../arm-none-eabi/lib/thumb/v7e-m+fp/hard/crt0.o (memset)
/Applications/STM32CubeIDE.app/Contents/Eclipse/plugins/com.st.stm32cube.ide.mcu.externaltools.gnu-tools-for-stm32.14.3.rel1.macosaarch64_1.0.0.202602081740/tools/bin/../lib/gcc/arm-none-eabi/14.3.1/../../../../arm-none-eabi/lib/thumb/v7e-m+fp/hard/libc_nano.a(libc_a-errno.o)
                              ./Core/Src/syscalls.o (__errno)
/Applications/STM32CubeIDE.app/Contents/Eclipse/plugins/com.st.stm32cube.ide.mcu.externaltools.gnu-tools-for-stm32.14.3.rel1.macosaarch64_1.0.0.202602081740/tools/bin/../lib/gcc/arm-none-eabi/14.3.1/../../../../arm-none-eabi/lib/thumb/v7e-m+fp/hard/libc_nano.a(libc_a-init.o)
                              /Applications/STM32CubeIDE.app/Contents/Eclipse/plugins/com.st.stm32cube.ide.mcu.externaltools.gnu-tools-for-stm32.14.3.rel1.macosaarch64_1.0.0.202602081740/tools/bin/../lib/gcc/arm-none-eabi/14.3.1/../../../../arm-none-eabi/lib/thumb/v7e-m+fp/hard/crt0.o (__libc_init_array)
/Applications/STM32CubeIDE.app/Contents/Eclipse/plugins/com.st.stm32cube.ide.mcu.externaltools.gnu-tools-for-stm32.14.3.rel1.macosaarch64_1.0.0.202602081740/tools/bin/../lib/gcc/arm-none-eabi/14.3.1/../../../../arm-none-eabi/lib/thumb/v7e-m+fp/hard/libc_nano.a(libc_a-lock.o)
                              /Applications/STM32CubeIDE.app/Contents/Eclipse/plugins/com.st.stm32cube.ide.mcu.externaltools.gnu-tools-for-stm32.14.3.rel1.macosaarch64_1.0.0.202602081740/tools/bin/../lib/gcc/arm-none-eabi/14.3.1/../../../../arm-none-eabi/lib/thumb/v7e-m+fp/hard/libc_nano.a(libc_a-findfp.o) (__retarget_lock_init_recursive)
/Applications/STM32CubeIDE.app/Contents/Eclipse/plugins/com.st.stm32cube.ide.mcu.externaltools.gnu-tools-for-stm32.14.3.rel1.macosaarch64_1.0.0.202602081740/tools/bin/../lib/gcc/arm-none-eabi/14.3.1/../../../../arm-none-eabi/lib/thumb/v7e-m+fp/hard/libc_nano.a(libc_a-impure.o)
                              /Applications/STM32CubeIDE.app/Contents/Eclipse/plugins/com.st.stm32cube.ide.mcu.externaltools.gnu-tools-for-stm32.14.3.rel1.macosaarch64_1.0.0.202602081740/tools/bin/../lib/gcc/arm-none-eabi/14.3.1/../../../../arm-none-eabi/lib/thumb/v7e-m+fp/hard/libc_nano.a(libc_a-errno.o) (_impure_ptr)
/Applications/STM32CubeIDE.app/Contents/Eclipse/plugins/com.st.stm32cube.ide.mcu.externaltools.gnu-tools-for-stm32.14.3.rel1.macosaarch64_1.0.0.202602081740/tools/bin/../lib/gcc/arm-none-eabi/14.3.1/../../../../arm-none-eabi/lib/thumb/v7e-m+fp/hard/libc_nano.a(libc_a-mallocr.o)
[...]
Memory Configuration

Name             Origin             Length             Attributes
RAM              0x20000000         0x00020000         xrw
FLASH            0x08000000         0x00080000         xr
*default*        0x00000000         0xffffffff

Linker script and memory map

LOAD /Applications/STM32CubeIDE.app/Contents/Eclipse/plugins/com.st.stm32cube.ide.mcu.externaltools.gnu-tools-for-stm32.14.3.rel1.macosaarch64_1.0.0.202602081740/tools/bin/../lib/gcc/arm-none-eabi/14.3.1/thumb/v7e-m+fp/hard/crti.o
LOAD /Applications/STM32CubeIDE.app/Contents/Eclipse/plugins/com.st.stm32cube.ide.mcu.externaltools.gnu-tools-for-stm32.14.3.rel1.macosaarch64_1.0.0.202602081740/tools/bin/../lib/gcc/arm-none-eabi/14.3.1/thumb/v7e-m+fp/hard/crtbegin.o
LOAD /Applications/STM32CubeIDE.app/Contents/Eclipse/plugins/com.st.stm32cube.ide.mcu.externaltools.gnu-tools-for-stm32.14.3.rel1.macosaarch64_1.0.0.202602081740/tools/bin/../lib/gcc/arm-none-eabi/14.3.1/../../../../arm-none-eabi/lib/thumb/v7e-m+fp/hard/crt0.o
LOAD ./Core/Src/main.o
LOAD ./Core/Src/stm32f4xx_hal_msp.o
LOAD ./Core/Src/stm32f4xx_it.o
LOAD ./Core/Src/syscalls.o
LOAD ./Core/Src/sysmem.o
LOAD ./Core/Src/system_stm32f4xx.o
LOAD ./Core/Startup/startup_stm32f446retx.o
LOAD ./Drivers/BSP/STM32F4xx-Nucleo/stm32f4xx_nucleo.o
LOAD ./Drivers/STM32F4xx_HAL_Driver/Src/stm32f4xx_hal.o
LOAD ./Drivers/STM32F4xx_HAL_Driver/Src/stm32f4xx_hal_cortex.o
LOAD ./Drivers/STM32F4xx_HAL_Driver/Src/stm32f4xx_hal_dma.o
LOAD ./Drivers/STM32F4xx_HAL_Driver/Src/stm32f4xx_hal_dma_ex.o
LOAD ./Drivers/STM32F4xx_HAL_Driver/Src/stm32f4xx_hal_exti.o
LOAD ./Drivers/STM32F4xx_HAL_Driver/Src/stm32f4xx_hal_flash.o
LOAD ./Drivers/STM32F4xx_HAL_Driver/Src/stm32f4xx_hal_flash_ex.o
LOAD ./Drivers/STM32F4xx_HAL_Driver/Src/stm32f4xx_hal_flash_ramfunc.o
LOAD ./Drivers/STM32F4xx_HAL_Driver/Src/stm32f4xx_hal_gpio.o
LOAD ./Drivers/STM32F4xx_HAL_Driver/Src/stm32f4xx_hal_pwr.o
LOAD ./Drivers/STM32F4xx_HAL_Driver/Src/stm32f4xx_hal_pwr_ex.o
LOAD ./Drivers/STM32F4xx_HAL_Driver/Src/stm32f4xx_hal_rcc.o
LOAD ./Drivers/STM32F4xx_HAL_Driver/Src/stm32f4xx_hal_rcc_ex.o
LOAD ./Drivers/STM32F4xx_HAL_Driver/Src/stm32f4xx_hal_tim.o
LOAD ./Drivers/STM32F4xx_HAL_Driver/Src/stm32f4xx_hal_tim_ex.o
LOAD ./Drivers/STM32F4xx_HAL_Driver/Src/stm32f4xx_hal_uart.o
LOAD ./application/communication/communication.o
LOAD ./application/control/control.o
LOAD ./application/motor/motor.o
LOAD ./application/robot/robot.o
LOAD ./application/sensor/sensor.o
START GROUP
LOAD /Applications/STM32CubeIDE.app/Contents/Eclipse/plugins/com.st.stm32cube.ide.mcu.externaltools.gnu-tools-for-stm32.14.3.rel1.macosaarch64_1.0.0.202602081740/tools/bin/../lib/gcc/arm-none-eabi/14.3.1/../../../../arm-none-eabi/lib/thumb/v7e-m+fp/hard/libc_nano.a
LOAD /Applications/STM32CubeIDE.app/Contents/Eclipse/plugins/com.st.stm32cube.ide.mcu.externaltools.gnu-tools-for-stm32.14.3.rel1.macosaarch64_1.0.0.202602081740/tools/bin/../lib/gcc/arm-none-eabi/14.3.1/../../../../arm-none-eabi/lib/thumb/v7e-m+fp/hard/libm.a
END GROUP
START GROUP
LOAD /Applications/STM32CubeIDE.app/Contents/Eclipse/plugins/com.st.stm32cube.ide.mcu.externaltools.gnu-tools-for-stm32.14.3.rel1.macosaarch64_1.0.0.202602081740/tools/bin/../lib/gcc/arm-none-eabi/14.3.1/thumb/v7e-m+fp/hard/libgcc.a
LOAD /Applications/STM32CubeIDE.app/Contents/Eclipse/plugins/com.st.stm32cube.ide.mcu.externaltools.gnu-tools-for-stm32.14.3.rel1.macosaarch64_1.0.0.202602081740/tools/bin/../lib/gcc/arm-none-eabi/14.3.1/../../../../arm-none-eabi/lib/thumb/v7e-m+fp/hard/libc_nano.a
END GROUP
START GROUP
LOAD /Applications/STM32CubeIDE.app/Contents/Eclipse/plugins/com.st.stm32cube.ide.mcu.externaltools.gnu-tools-for-stm32.14.3.rel1.macosaarch64_1.0.0.202602081740/tools/bin/../lib/gcc/arm-none-eabi/14.3.1/thumb/v7e-m+fp/hard/libgcc.a
LOAD /Applications/STM32CubeIDE.app/Contents/Eclipse/plugins/com.st.stm32cube.ide.mcu.externaltools.gnu-tools-for-stm32.14.3.rel1.macosaarch64_1.0.0.202602081740/tools/bin/../lib/gcc/arm-none-eabi/14.3.1/../../../../arm-none-eabi/lib/thumb/v7e-m+fp/hard/libc_nano.a
LOAD /Applications/STM32CubeIDE.app/Contents/Eclipse/plugins/com.st.stm32cube.ide.mcu.externaltools.gnu-tools-for-stm32.14.3.rel1.macosaarch64_1.0.0.202602081740/tools/bin/../lib/gcc/arm-none-eabi/14.3.1/../../../../arm-none-eabi/lib/thumb/v7e-m+fp/hard/libnosys.a
END GROUP
START GROUP
LOAD /Applications/STM32CubeIDE.app/Contents/Eclipse/plugins/com.st.stm32cube.ide.mcu.externaltools.gnu-tools-for-stm32.14.3.rel1.macosaarch64_1.0.0.202602081740/tools/bin/../lib/gcc/arm-none-eabi/14.3.1/thumb/v7e-m+fp/hard/libgcc.a
LOAD /Applications/STM32CubeIDE.app/Contents/Eclipse/plugins/com.st.stm32cube.ide.mcu.externaltools.gnu-tools-for-stm32.14.3.rel1.macosaarch64_1.0.0.202602081740/tools/bin/../lib/gcc/arm-none-eabi/14.3.1/../../../../arm-none-eabi/lib/thumb/v7e-m+fp/hard/libc_nano.a
LOAD /Applications/STM32CubeIDE.app/Contents/Eclipse/plugins/com.st.stm32cube.ide.mcu.externaltools.gnu-tools-for-stm32.14.3.rel1.macosaarch64_1.0.0.202602081740/tools/bin/../lib/gcc/arm-none-eabi/14.3.1/../../../../arm-none-eabi/lib/thumb/v7e-m+fp/hard/libnosys.a
END GROUP
LOAD /Applications/STM32CubeIDE.app/Contents/Eclipse/plugins/com.st.stm32cube.ide.mcu.externaltools.gnu-tools-for-stm32.14.3.rel1.macosaarch64_1.0.0.202602081740/tools/bin/../lib/gcc/arm-none-eabi/14.3.1/thumb/v7e-m+fp/hard/crtend.o
LOAD /Applications/STM32CubeIDE.app/Contents/Eclipse/plugins/com.st.stm32cube.ide.mcu.externaltools.gnu-tools-for-stm32.14.3.rel1.macosaarch64_1.0.0.202602081740/tools/bin/../lib/gcc/arm-none-eabi/14.3.1/thumb/v7e-m+fp/hard/crtn.o
                0x20020000                        _estack = (ORIGIN (RAM) + LENGTH (RAM))
                0x00000200                        _Min_Heap_Size = 0x200
                0x00000400                        _Min_Stack_Size = 0x400

.isr_vector     0x08000000      0x1c4
                0x08000000                        . = ALIGN (0x4)
 *(.isr_vector)
 .isr_vector    0x08000000      0x1c4 ./Core/Startup/startup_stm32f446retx.o
                0x08000000                g_pfnVectors
                0x080001c4                        . = ALIGN (0x4)

.text           0x080001c4     0x4cd0
                0x080001c4                        . = ALIGN (0x4)
 *(.text)
 .text          0x080001c4       0x40 /Applications/STM32CubeIDE.app/Contents/Eclipse/plugins/com.st.stm32cube.ide.mcu.externaltools.gnu-tools-for-stm32.14.3.rel1.macosaarch64_1.0.0.202602081740/tools/bin/../lib/gcc/arm-none-eabi/14.3.1/thumb/v7e-m+fp/hard/crtbegin.o
 .text          0x08000204       0x30 /Applications/STM32CubeIDE.app/Contents/Eclipse/plugins/com.st.stm32cube.ide.mcu.externaltools.gnu-tools-for-stm32.14.3.rel1.macosaarch64_1.0.0.202602081740/tools/bin/../lib/gcc/arm-none-eabi/14.3.1/thumb/v7e-m+fp/hard/libgcc.a(_aeabi_uldivmod.o)
                0x08000204                __aeabi_uldivmod
 .text          0x08000234      0x2f8 /Applications/STM32CubeIDE.app/Contents/Eclipse/plugins/com.st.stm32cube.ide.mcu.externaltools.gnu-tools-for-stm32.14.3.rel1.macosaarch64_1.0.0.202602081740/tools/bin/../lib/gcc/arm-none-eabi/14.3.1/thumb/v7e-m+fp/hard/libgcc.a(_udivmoddi4.o)
                0x08000234                __udivmoddi4
 .text          0x0800052c        0x4 /Applications/STM32CubeIDE.app/Contents/Eclipse/plugins/com.st.stm32cube.ide.mcu.externaltools.gnu-tools-for-stm32.14.3.rel1.macosaarch64_1.0.0.202602081740/tools/bin/../lib/gcc/arm-none-eabi/14.3.1/thumb/v7e-m+fp/hard/libgcc.a(_dvmd_tls.o)
                0x0800052c                __aeabi_ldiv0
                0x0800052c                __aeabi_idiv0
 *(.text*)
 .text.main     0x08000530       0x56 ./Core/Src/main.o
                0x08000530                main
 *fill*         0x08000586        0x2 
 .text.SystemClock_Config
                0x08000588       0xdc ./Core/Src/main.o
                0x08000588                SystemClock_Config
 .text.MX_TIM1_Init
                0x08000664       0xb0 ./Core/Src/main.o
 .text.MX_TIM2_Init
                0x08000714       0xa8 ./Core/Src/main.o
 .text.MX_TIM3_Init
                0x080007bc      0x130 ./Core/Src/main.o
 .text.MX_TIM4_Init
                0x080008ec       0xa8 ./Core/Src/main.o
 .text.MX_TIM5_Init
                0x08000994       0xa8 ./Core/Src/main.o
 .text.MX_USART2_UART_Init
                0x08000a3c       0x54 ./Core/Src/main.o
 .text.MX_GPIO_Init
                0x08000a90      0x110 ./Core/Src/main.o
 .text.Error_Handler
                0x08000ba0        0xc ./Core/Src/main.o
                0x08000ba0                Error_Handler
 .text.HAL_MspInit
                0x08000bac       0x50 ./Core/Src/stm32f4xx_hal_msp.o
                0x08000bac                HAL_MspInit
 .text.HAL_TIM_Encoder_MspInit
                0x08000bfc      0x208 ./Core/Src/stm32f4xx_hal_msp.o
                0x08000bfc                HAL_TIM_Encoder_MspInit
 .text.HAL_TIM_Base_MspInit
                0x08000e04       0x44 ./Core/Src/stm32f4xx_hal_msp.o
                0x08000e04                HAL_TIM_Base_MspInit
 .text.HAL_TIM_MspPostInit
                0x08000e48       0xb4 ./Core/Src/stm32f4xx_hal_msp.o
                0x08000e48                HAL_TIM_MspPostInit
 .text.HAL_UART_MspInit
                0x08000efc       0xa0 ./Core/Src/stm32f4xx_hal_msp.o
                0x08000efc                HAL_UART_MspInit
 .text.NMI_Handler
                0x08000f9c        0x8 ./Core/Src/stm32f4xx_it.o
                0x08000f9c                NMI_Handler
 .text.HardFault_Handler
                0x08000fa4        0x8 ./Core/Src/stm32f4xx_it.o
                0x08000fa4                HardFault_Handler
 .text.MemManage_Handler
                0x08000fac        0x8 ./Core/Src/stm32f4xx_it.o
                0x08000fac                MemManage_Handler
 .text.BusFault_Handler
                0x08000fb4        0x8 ./Core/Src/stm32f4xx_it.o
                0x08000fb4                BusFault_Handler
 .text.UsageFault_Handler
                0x08000fbc        0x8 ./Core/Src/stm32f4xx_it.o
                0x08000fbc                UsageFault_Handler
 .text.SVC_Handler
                0x08000fc4        0xe ./Core/Src/stm32f4xx_it.o
                0x08000fc4                SVC_Handler
 .text.DebugMon_Handler
                0x08000fd2        0xe ./Core/Src/stm32f4xx_it.o
                0x08000fd2                DebugMon_Handler
 .text.PendSV_Handler
                0x08000fe0        0xe ./Core/Src/stm32f4xx_it.o
                0x08000fe0                PendSV_Handler
 .text.SysTick_Handler
                0x08000fee        0xc ./Core/Src/stm32f4xx_it.o
                0x08000fee                SysTick_Handler
 .text.EXTI15_10_IRQHandler
                0x08000ffa       0x10 ./Core/Src/stm32f4xx_it.o
                0x08000ffa                EXTI15_10_IRQHandler
 *fill*         0x0800100a        0x2 
 .text.USART2_IRQHandler
                0x0800100c       0x14 ./Core/Src/stm32f4xx_it.o
                0x0800100c                USART2_IRQHandler
 .text.SystemInit
                0x08001020       0x24 ./Core/Src/system_stm32f4xx.o
                0x08001020                SystemInit
 .text.Reset_Handler
                0x08001044       0x50 ./Core/Startup/startup_stm32f446retx.o
                0x08001044                Reset_Handler
 .text.Default_Handler
                0x08001094        0x2 ./Core/Startup/startup_stm32f446retx.o
                0x08001094                DMA1_Stream3_IRQHandler
                0x08001094                EXTI2_IRQHandler
                0x08001094                TIM8_CC_IRQHandler
                0x08001094                FMPI2C1_EV_IRQHandler
                0x08001094                SPI4_IRQHandler
                0x08001094                TIM1_CC_IRQHandler
                0x08001094                DMA2_Stream5_IRQHandler
                0x08001094                DMA1_Stream5_IRQHandler
                0x08001094                PVD_IRQHandler
                0x08001094                SDIO_IRQHandler
                0x08001094                TAMP_STAMP_IRQHandler
                0x08001094                CAN2_RX1_IRQHandler
                0x08001094                EXTI3_IRQHandler
                0x08001094                TIM8_TRG_COM_TIM14_IRQHandler
                0x08001094                TIM1_UP_TIM10_IRQHandler
                0x08001094                TIM8_UP_TIM13_IRQHandler
                0x08001094                I2C3_ER_IRQHandler
                0x08001094                EXTI0_IRQHandler
                0x08001094                I2C2_EV_IRQHandler
                0x08001094                DMA1_Stream2_IRQHandler
                0x08001094                CAN1_RX0_IRQHandler
                0x08001094                FPU_IRQHandler
                0x08001094                OTG_HS_WKUP_IRQHandler
                0x08001094                CAN2_SCE_IRQHandler
                0x08001094                DMA2_Stream2_IRQHandler
                0x08001094                SPI1_IRQHandler
                0x08001094                TIM6_DAC_IRQHandler
                0x08001094                TIM1_BRK_TIM9_IRQHandler
                0x08001094                DCMI_IRQHandler
                0x08001094                CAN2_RX0_IRQHandler
                0x08001094                DMA2_Stream3_IRQHandler
                0x08001094                SAI2_IRQHandler
                0x08001094                USART6_IRQHandler
                0x08001094                USART3_IRQHandler
                0x08001094                CAN1_RX1_IRQHandler
                0x08001094                UART5_IRQHandler
                0x08001094                DMA2_Stream0_IRQHandler
                0x08001094                TIM4_IRQHandler
                0x08001094                QUADSPI_IRQHandler
                0x08001094                I2C1_EV_IRQHandler
                0x08001094                DMA1_Stream6_IRQHandler
                0x08001094                DMA1_Stream1_IRQHandler
                0x08001094                UART4_IRQHandler
                0x08001094                TIM3_IRQHandler
                0x08001094                RCC_IRQHandler
                0x08001094                TIM8_BRK_TIM12_IRQHandler
                0x08001094                Default_Handler
                0x08001094                CEC_IRQHandler
                0x08001094                ADC_IRQHandler
                0x08001094                DMA1_Stream7_IRQHandler
                0x08001094                TIM7_IRQHandler
                0x08001094                CAN2_TX_IRQHandler
                0x08001094                TIM5_IRQHandler
                0x08001094                DMA2_Stream7_IRQHandler
                0x08001094                I2C3_EV_IRQHandler
                0x08001094                EXTI9_5_IRQHandler
                0x08001094                RTC_WKUP_IRQHandler
                0x08001094                SPDIF_RX_IRQHandler
                0x08001094                SPI2_IRQHandler
                0x08001094                OTG_HS_EP1_IN_IRQHandler
                0x08001094                DMA1_Stream0_IRQHandler
                0x08001094                CAN1_TX_IRQHandler
                0x08001094                FMPI2C1_ER_IRQHandler
                0x08001094                EXTI4_IRQHandler
                0x08001094                OTG_HS_EP1_OUT_IRQHandler
                0x08001094                WWDG_IRQHandler
                0x08001094                TIM2_IRQHandler
                0x08001094                OTG_FS_WKUP_IRQHandler
                0x08001094                TIM1_TRG_COM_TIM11_IRQHandler
                0x08001094                OTG_HS_IRQHandler
                0x08001094                EXTI1_IRQHandler
                0x08001094                I2C2_ER_IRQHandler
                0x08001094                DMA2_Stream1_IRQHandler
                0x08001094                CAN1_SCE_IRQHandler
                0x08001094                FLASH_IRQHandler
                0x08001094                DMA2_Stream4_IRQHandler
                0x08001094                USART1_IRQHandler
                0x08001094                OTG_FS_IRQHandler
                0x08001094                SPI3_IRQHandler
                0x08001094                DMA1_Stream4_IRQHandler
                0x08001094                I2C1_ER_IRQHandler
                0x08001094                FMC_IRQHandler
                0x08001094                DMA2_Stream6_IRQHandler
                0x08001094                SAI1_IRQHandler
                0x08001094                RTC_Alarm_IRQHandler
 *fill*         0x08001096        0x2 
 .text.BSP_LED_Init
                0x08001098       0x6c ./Drivers/BSP/STM32F4xx-Nucleo/stm32f4xx_nucleo.o
                0x08001098                BSP_LED_Init
 .text.BSP_PB_Init
                0x08001104       0xac ./Drivers/BSP/STM32F4xx-Nucleo/stm32f4xx_nucleo.o
                0x08001104                BSP_PB_Init
 .text.HAL_Init
                0x080011b0       0x44 ./Drivers/STM32F4xx_HAL_Driver/Src/stm32f4xx_hal.o
                0x080011b0                HAL_Init
 .text.HAL_InitTick
                0x080011f4       0x60 ./Drivers/STM32F4xx_HAL_Driver/Src/stm32f4xx_hal.o
                0x080011f4                HAL_InitTick
 .text.HAL_IncTick
                0x08001254       0x28 ./Drivers/STM32F4xx_HAL_Driver/Src/stm32f4xx_hal.o
                0x08001254                HAL_IncTick
 .text.HAL_GetTick
                0x0800127c       0x18 ./Drivers/STM32F4xx_HAL_Driver/Src/stm32f4xx_hal.o
                0x0800127c                HAL_GetTick
 .text.__NVIC_SetPriorityGrouping
                0x08001294       0x48 ./Drivers/STM32F4xx_HAL_Driver/Src/stm32f4xx_hal_cortex.o
 .text.__NVIC_GetPriorityGrouping
                0x080012dc       0x1c ./Drivers/STM32F4xx_HAL_Driver/Src/stm32f4xx_hal_cortex.o
 .text.__NVIC_EnableIRQ
                0x080012f8       0x3c ./Drivers/STM32F4xx_HAL_Driver/Src/stm32f4xx_hal_cortex.o
 .text.__NVIC_SetPriority
                0x08001334       0x54 ./Drivers/STM32F4xx_HAL_Driver/Src/stm32f4xx_hal_cortex.o
 .text.NVIC_EncodePriority
                0x08001388       0x66 ./Drivers/STM32F4xx_HAL_Driver/Src/stm32f4xx_hal_cortex.o
 *fill*         0x080013ee        0x2 
 .text.SysTick_Config
                0x080013f0       0x44 ./Drivers/STM32F4xx_HAL_Driver/Src/stm32f4xx_hal_cortex.o
 .text.HAL_NVIC_SetPriorityGrouping
                0x08001434       0x16 ./Drivers/STM32F4xx_HAL_Driver/Src/stm32f4xx_hal_cortex.o
                0x08001434                HAL_NVIC_SetPriorityGrouping
 .text.HAL_NVIC_SetPriority
                0x0800144a       0x38 ./Drivers/STM32F4xx_HAL_Driver/Src/stm32f4xx_hal_cortex.o
                0x0800144a                HAL_NVIC_SetPriority
 .text.HAL_NVIC_EnableIRQ
                0x08001482       0x1c ./Drivers/STM32F4xx_HAL_Driver/Src/stm32f4xx_hal_cortex.o
                0x08001482                HAL_NVIC_EnableIRQ
 .text.HAL_SYSTICK_Config
                0x0800149e       0x18 ./Drivers/STM32F4xx_HAL_Driver/Src/stm32f4xx_hal_cortex.o
                0x0800149e                HAL_SYSTICK_Config
 .text.HAL_DMA_Abort
                0x080014b6       0xe0 ./Drivers/STM32F4xx_HAL_Driver/Src/stm32f4xx_hal_dma.o
                0x080014b6                HAL_DMA_Abort
 .text.HAL_DMA_Abort_IT
                0x08001596       0x44 ./Drivers/STM32F4xx_HAL_Driver/Src/stm32f4xx_hal_dma.o
                0x08001596                HAL_DMA_Abort_IT
 *fill*         0x080015da        0x2 
 .text.HAL_GPIO_Init
                0x080015dc      0x328 ./Drivers/STM32F4xx_HAL_Driver/Src/stm32f4xx_hal_gpio.o
                0x080015dc                HAL_GPIO_Init
 .text.HAL_GPIO_WritePin
                0x08001904       0x32 ./Drivers/STM32F4xx_HAL_Driver/Src/stm32f4xx_hal_gpio.o
                0x08001904                HAL_GPIO_WritePin
 *fill*         0x08001936        0x2 
 .text.HAL_GPIO_EXTI_IRQHandler
                0x08001938       0x30 ./Drivers/STM32F4xx_HAL_Driver/Src/stm32f4xx_hal_gpio.o
                0x08001938                HAL_GPIO_EXTI_IRQHandler
 .text.HAL_GPIO_EXTI_Callback
                0x08001968       0x16 ./Drivers/STM32F4xx_HAL_Driver/Src/stm32f4xx_hal_gpio.o
                0x08001968                HAL_GPIO_EXTI_Callback
 *fill*         0x0800197e        0x2 
 .text.HAL_RCC_ClockConfig
                0x08001980      0x1cc ./Drivers/STM32F4xx_HAL_Driver/Src/stm32f4xx_hal_rcc.o
                0x08001980                HAL_RCC_ClockConfig
 .text.HAL_RCC_GetHCLKFreq
                0x08001b4c       0x18 ./Drivers/STM32F4xx_HAL_Driver/Src/stm32f4xx_hal_rcc.o
                0x08001b4c                HAL_RCC_GetHCLKFreq
 .text.HAL_RCC_GetPCLK1Freq
                0x08001b64       0x28 ./Drivers/STM32F4xx_HAL_Driver/Src/stm32f4xx_hal_rcc.o
                0x08001b64                HAL_RCC_GetPCLK1Freq
 .text.HAL_RCC_GetPCLK2Freq
                0x08001b8c       0x28 ./Drivers/STM32F4xx_HAL_Driver/Src/stm32f4xx_hal_rcc.o
                0x08001b8c                HAL_RCC_GetPCLK2Freq
 .text.HAL_RCC_GetSysClockFreq
                0x08001bb4      0x460 ./Drivers/STM32F4xx_HAL_Driver/Src/stm32f4xx_hal_rcc_ex.o
                0x08001bb4                HAL_RCC_GetSysClockFreq
 .text.HAL_RCC_OscConfig
                0x08002014      0x53c ./Drivers/STM32F4xx_HAL_Driver/Src/stm32f4xx_hal_rcc_ex.o
                0x08002014                HAL_RCC_OscConfig
 .text.HAL_TIM_Base_Init
                0x08002550       0x9e ./Drivers/STM32F4xx_HAL_Driver/Src/stm32f4xx_hal_tim.o
                0x08002550                HAL_TIM_Base_Init
 .text.HAL_TIM_PWM_Init
                0x080025ee       0x9e ./Drivers/STM32F4xx_HAL_Driver/Src/stm32f4xx_hal_tim.o
                0x080025ee                HAL_TIM_PWM_Init
 .text.HAL_TIM_PWM_MspInit
                0x0800268c       0x14 ./Drivers/STM32F4xx_HAL_Driver/Src/stm32f4xx_hal_tim.o
                0x0800268c                HAL_TIM_PWM_MspInit
 .text.HAL_TIM_PWM_Start
                0x080026a0      0x190 ./Drivers/STM32F4xx_HAL_Driver/Src/stm32f4xx_hal_tim.o
                0x080026a0                HAL_TIM_PWM_Start
 .text.HAL_TIM_Encoder_Init
                0x08002830      0x14c ./Drivers/STM32F4xx_HAL_Driver/Src/stm32f4xx_hal_tim.o
                0x08002830                HAL_TIM_Encoder_Init
 .text.HAL_TIM_Encoder_Start
                0x0800297c      0x11c ./Drivers/STM32F4xx_HAL_Driver/Src/stm32f4xx_hal_tim.o
                0x0800297c                HAL_TIM_Encoder_Start
 .text.HAL_TIM_PWM_ConfigChannel
                0x08002a98      0x184 ./Drivers/STM32F4xx_HAL_Driver/Src/stm32f4xx_hal_tim.o
                0x08002a98                HAL_TIM_PWM_ConfigChannel
 .text.HAL_TIM_ConfigClockSource
                0x08002c1c      0x18e ./Drivers/STM32F4xx_HAL_Driver/Src/stm32f4xx_hal_tim.o
                0x08002c1c                HAL_TIM_ConfigClockSource
 *fill*         0x08002daa        0x2 
 .text.TIM_Base_SetConfig
                0x08002dac      0x14c ./Drivers/STM32F4xx_HAL_Driver/Src/stm32f4xx_hal_tim.o
                0x08002dac                TIM_Base_SetConfig
 .text.TIM_OC1_SetConfig
                0x08002ef8       0xe0 ./Drivers/STM32F4xx_HAL_Driver/Src/stm32f4xx_hal_tim.o
 .text.TIM_OC2_SetConfig
                0x08002fd8       0xec ./Drivers/STM32F4xx_HAL_Driver/Src/stm32f4xx_hal_tim.o
                0x08002fd8                TIM_OC2_SetConfig
 .text.TIM_OC3_SetConfig
                0x080030c4       0xe8 ./Drivers/STM32F4xx_HAL_Driver/Src/stm32f4xx_hal_tim.o
 .text.TIM_OC4_SetConfig
                0x080031ac       0xac ./Drivers/STM32F4xx_HAL_Driver/Src/stm32f4xx_hal_tim.o
 .text.TIM_TI1_ConfigInputStage
                0x08003258       0x5e ./Drivers/STM32F4xx_HAL_Driver/Src/stm32f4xx_hal_tim.o
 .text.TIM_TI2_ConfigInputStage
                0x080032b6       0x60 ./Drivers/STM32F4xx_HAL_Driver/Src/stm32f4xx_hal_tim.o
 .text.TIM_ITRx_SetConfig
                0x08003316       0x36 ./Drivers/STM32F4xx_HAL_Driver/Src/stm32f4xx_hal_tim.o
 .text.TIM_ETR_SetConfig
                0x0800334c       0x40 ./Drivers/STM32F4xx_HAL_Driver/Src/stm32f4xx_hal_tim.o
                0x0800334c                TIM_ETR_SetConfig
 .text.TIM_CCxChannelCmd
                0x0800338c       0x4a ./Drivers/STM32F4xx_HAL_Driver/Src/stm32f4xx_hal_tim.o
                0x0800338c                TIM_CCxChannelCmd
 *fill*         0x080033d6        0x2 
 .text.HAL_TIMEx_MasterConfigSynchronization
                0x080033d8       0xf8 ./Drivers/STM32F4xx_HAL_Driver/Src/stm32f4xx_hal_tim_ex.o
                0x080033d8                HAL_TIMEx_MasterConfigSynchronization
 .text.HAL_UART_Init
                0x080034d0       0xa0 ./Drivers/STM32F4xx_HAL_Driver/Src/stm32f4xx_hal_uart.o
                0x080034d0                HAL_UART_Init
 .text.HAL_UART_Receive_IT
                0x08003570       0x4a ./Drivers/STM32F4xx_HAL_Driver/Src/stm32f4xx_hal_uart.o
                0x08003570                HAL_UART_Receive_IT
 *fill*         0x080035ba        0x2 
 .text.HAL_UART_IRQHandler
                0x080035bc      0x554 ./Drivers/STM32F4xx_HAL_Driver/Src/stm32f4xx_hal_uart.o
                0x080035bc                HAL_UART_IRQHandler
 .text.HAL_UART_TxCpltCallback
                0x08003b10       0x14 ./Drivers/STM32F4xx_HAL_Driver/Src/stm32f4xx_hal_uart.o
                0x08003b10                HAL_UART_TxCpltCallback
 .text.HAL_UARTEx_RxEventCallback
                0x08003b24       0x18 ./Drivers/STM32F4xx_HAL_Driver/Src/stm32f4xx_hal_uart.o
                0x08003b24                HAL_UARTEx_RxEventCallback
 .text.HAL_UART_GetState
                0x08003b3c       0x3c ./Drivers/STM32F4xx_HAL_Driver/Src/stm32f4xx_hal_uart.o
                0x08003b3c                HAL_UART_GetState
 .text.UART_Start_Receive_IT
                0x08003b78       0x74 ./Drivers/STM32F4xx_HAL_Driver/Src/stm32f4xx_hal_uart.o
                0x08003b78                UART_Start_Receive_IT
 .text.UART_EndRxTransfer
                0x08003bec       0xc6 ./Drivers/STM32F4xx_HAL_Driver/Src/stm32f4xx_hal_uart.o
 .text.UART_DMAAbortOnError
                0x08003cb2       0x22 ./Drivers/STM32F4xx_HAL_Driver/Src/stm32f4xx_hal_uart.o
 .text.UART_Transmit_IT
                0x08003cd4       0xa0 ./Drivers/STM32F4xx_HAL_Driver/Src/stm32f4xx_hal_uart.o
 .text.UART_EndTransmit_IT
                0x08003d74       0x30 ./Drivers/STM32F4xx_HAL_Driver/Src/stm32f4xx_hal_uart.o
 .text.UART_Receive_IT
                0x08003da4      0x17c ./Drivers/STM32F4xx_HAL_Driver/Src/stm32f4xx_hal_uart.o
 .text.UART_SetConfig
                0x08003f20      0x4e8 ./Drivers/STM32F4xx_HAL_Driver/Src/stm32f4xx_hal_uart.o
 .text.Communication_Init
                0x08004408       0x2c ./application/communication/communication.o
                0x08004408                Communication_Init
 .text.Communication_Update
                0x08004434       0x4c ./application/communication/communication.o
                0x08004434                Communication_Update
 .text.HAL_UART_RxCpltCallback
                0x08004480       0xc8 ./application/communication/communication.o
                0x08004480                HAL_UART_RxCpltCallback
 .text.HAL_UART_ErrorCallback
                0x08004548       0x50 ./application/communication/communication.o
                0x08004548                HAL_UART_ErrorCallback
 .text.Communication_ParseCommand
                0x08004598      0x158 ./application/communication/communication.o
 .text.Communication_StartReceive
                0x080046f0       0x24 ./application/communication/communication.o
 .text.Control_ReadMeasuredWheelSpeeds
                0x08004714       0x24 ./application/control/control.o
 .text.Control_CalculatePid
                0x08004738       0x6c ./application/control/control.o
 .text.Control_ClampMotorOutput
                0x080047a4       0x5c ./application/control/control.o
 .text.Control_Init
                0x08004800       0x58 ./application/control/control.o
                0x08004800                Control_Init
 .text.Control_SetTargetWheelSpeeds
                0x08004858       0x44 ./application/control/control.o
                0x08004858                Control_SetTargetWheelSpeeds
 .text.Control_Update
                0x0800489c      0x130 ./application/control/control.o
                0x0800489c                Control_Update
 .text.Motor_Init
                0x080049cc       0x84 ./application/motor/motor.o
                0x080049cc                Motor_Init
 .text.Motor_SetWheelOutputs
                0x08004a50      0x1b4 ./application/motor/motor.o
                0x08004a50                Motor_SetWheelOutputs
 .text.Robot_SetMotion
                0x08004c04       0xcc ./application/robot/robot.o
                0x08004c04                Robot_SetMotion
 .text.Sensor_Init
                0x08004cd0       0x90 ./application/sensor/sensor.o
                0x08004cd0                Sensor_Init
 .text.Sensor_Update
                0x08004d60       0x54 ./application/sensor/sensor.o
                0x08004d60                Sensor_Update
 .text.Sensor_GetWheelSpeeds
                0x08004db4       0x70 ./application/sensor/sensor.o
                0x08004db4                Sensor_GetWheelSpeeds
 .text.memset   0x08004e24       0x10 /Applications/STM32CubeIDE.app/Contents/Eclipse/plugins/com.st.stm32cube.ide.mcu.externaltools.gnu-tools-for-stm32.14.3.rel1.macosaarch64_1.0.0.202602081740/tools/bin/../lib/gcc/arm-none-eabi/14.3.1/../../../../arm-none-eabi/lib/thumb/v7e-m+fp/hard/libc_nano.a(libc_a-memset.o)
                0x08004e24                memset
 .text.__libc_init_array
                0x08004e34       0x48 /Applications/STM32CubeIDE.app/Contents/Eclipse/plugins/com.st.stm32cube.ide.mcu.externaltools.gnu-tools-for-stm32.14.3.rel1.macosaarch64_1.0.0.202602081740/tools/bin/../lib/gcc/arm-none-eabi/14.3.1/../../../../arm-none-eabi/lib/thumb/v7e-m+fp/hard/libc_nano.a(libc_a-init.o)
                0x08004e34                __libc_init_array
 *(.glue_7)
 .glue_7        0x08004e7c        0x0 linker stubs
 *(.glue_7t)
 .glue_7t       0x08004e7c        0x0 linker stubs
 *(.eh_frame)
 .eh_frame      0x08004e7c        0x0 /Applications/STM32CubeIDE.app/Contents/Eclipse/plugins/com.st.stm32cube.ide.mcu.externaltools.gnu-tools-for-stm32.14.3.rel1.macosaarch64_1.0.0.202602081740/tools/bin/../lib/gcc/arm-none-eabi/14.3.1/thumb/v7e-m+fp/hard/crtbegin.o
 *(.init)
 .init          0x08004e7c        0x4 /Applications/STM32CubeIDE.app/Contents/Eclipse/plugins/com.st.stm32cube.ide.mcu.externaltools.gnu-tools-for-stm32.14.3.rel1.macosaarch64_1.0.0.202602081740/tools/bin/../lib/gcc/arm-none-eabi/14.3.1/thumb/v7e-m+fp/hard/crti.o
                0x08004e7c                _init
 .init          0x08004e80        0x8 /Applications/STM32CubeIDE.app/Contents/Eclipse/plugins/com.st.stm32cube.ide.mcu.externaltools.gnu-tools-for-stm32.14.3.rel1.macosaarch64_1.0.0.202602081740/tools/bin/../lib/gcc/arm-none-eabi/14.3.1/thumb/v7e-m+fp/hard/crtn.o
 *(.fini)
 .fini          0x08004e88        0x4 /Applications/STM32CubeIDE.app/Contents/Eclipse/plugins/com.st.stm32cube.ide.mcu.externaltools.gnu-tools-for-stm32.14.3.rel1.macosaarch64_1.0.0.202602081740/tools/bin/../lib/gcc/arm-none-eabi/14.3.1/thumb/v7e-m+fp/hard/crti.o
                0x08004e88                _fini
 .fini          0x08004e8c        0x8 /Applications/STM32CubeIDE.app/Contents/Eclipse/plugins/com.st.stm32cube.ide.mcu.externaltools.gnu-tools-for-stm32.14.3.rel1.macosaarch64_1.0.0.202602081740/tools/bin/../lib/gcc/arm-none-eabi/14.3.1/thumb/v7e-m+fp/hard/crtn.o
                0x08004e94                        . = ALIGN (0x4)
                0x08004e94                        _etext = .

.vfp11_veneer   0x08004e94        0x0
 .vfp11_veneer  0x08004e94        0x0 linker stubs

.v4_bx          0x08004e94        0x0
 .v4_bx         0x08004e94        0x0 linker stubs

.iplt           0x08004e94        0x0
 .iplt          0x08004e94        0x0 /Applications/STM32CubeIDE.app/Contents/Eclipse/plugins/com.st.stm32cube.ide.mcu.externaltools.gnu-tools-for-stm32.14.3.rel1.macosaarch64_1.0.0.202602081740/tools/bin/../lib/gcc/arm-none-eabi/14.3.1/thumb/v7e-m+fp/hard/crtbegin.o

.rodata         0x08004e94       0x18
                0x08004e94                        . = ALIGN (0x4)
 *(.rodata)
 *(.rodata*)
 .rodata.AHBPrescTable
                0x08004e94       0x10 ./Core/Src/system_stm32f4xx.o
                0x08004e94                AHBPrescTable
 .rodata.APBPrescTable
                0x08004ea4        0x8 ./Core/Src/system_stm32f4xx.o
                0x08004ea4                APBPrescTable
                0x08004eac                        . = ALIGN (0x4)

.ARM.extab      0x08004eac        0x0
                0x08004eac                        . = ALIGN (0x4)
 *(.ARM.extab* .gnu.linkonce.armextab.*)
                0x08004eac                        . = ALIGN (0x4)

.ARM            0x08004eac        0x8
                0x08004eac                        . = ALIGN (0x4)
                0x08004eac                        __exidx_start = .
 *(.ARM.exidx*)
 .ARM.exidx     0x08004eac        0x8 /Applications/STM32CubeIDE.app/Contents/Eclipse/plugins/com.st.stm32cube.ide.mcu.externaltools.gnu-tools-for-stm32.14.3.rel1.macosaarch64_1.0.0.202602081740/tools/bin/../lib/gcc/arm-none-eabi/14.3.1/thumb/v7e-m+fp/hard/libgcc.a(_udivmoddi4.o)
                0x08004eb4                        __exidx_end = .
                0x08004eb4                        . = ALIGN (0x4)

.preinit_array  0x08004eb4        0x0
                0x08004eb4                        . = ALIGN (0x4)
                0x08004eb4                        PROVIDE (__preinit_array_start = .)
 *(.preinit_array*)
                0x08004eb4                        PROVIDE (__preinit_array_end = .)
                0x08004eb4                        . = ALIGN (0x4)

.init_array     0x08004eb4        0x4
                0x08004eb4                        . = ALIGN (0x4)
                0x08004eb4                        PROVIDE (__init_array_start = .)
 *(SORT_BY_NAME(.init_array.*))
 *(.init_array*)
 .init_array    0x08004eb4        0x4 /Applications/STM32CubeIDE.app/Contents/Eclipse/plugins/com.st.stm32cube.ide.mcu.externaltools.gnu-tools-for-stm32.14.3.rel1.macosaarch64_1.0.0.202602081740/tools/bin/../lib/gcc/arm-none-eabi/14.3.1/thumb/v7e-m+fp/hard/crtbegin.o
                0x08004eb8                        PROVIDE (__init_array_end = .)
                0x08004eb8                        . = ALIGN (0x4)

.fini_array     0x08004eb8        0x4
                0x08004eb8                        . = ALIGN (0x4)
                [!provide]                        PROVIDE (__fini_array_start = .)
 *(SORT_BY_NAME(.fini_array.*))
 *(.fini_array*)
 .fini_array    0x08004eb8        0x4 /Applications/STM32CubeIDE.app/Contents/Eclipse/plugins/com.st.stm32cube.ide.mcu.externaltools.gnu-tools-for-stm32.14.3.rel1.macosaarch64_1.0.0.202602081740/tools/bin/../lib/gcc/arm-none-eabi/14.3.1/thumb/v7e-m+fp/hard/crtbegin.o
                [!provide]                        PROVIDE (__fini_array_end = .)
                0x08004ebc                        . = ALIGN (0x4)
                0x08004ebc                        _sidata = LOADADDR (.data)

.rel.dyn        0x08004ebc        0x0
 .rel.iplt      0x08004ebc        0x0 /Applications/STM32CubeIDE.app/Contents/Eclipse/plugins/com.st.stm32cube.ide.mcu.externaltools.gnu-tools-for-stm32.14.3.rel1.macosaarch64_1.0.0.202602081740/tools/bin/../lib/gcc/arm-none-eabi/14.3.1/thumb/v7e-m+fp/hard/crtbegin.o

.data           0x20000000       0x14 load address 0x08004ebc
                0x20000000                        . = ALIGN (0x4)
                0x20000000                        _sdata = .
 *(.data)
 *(.data*)
 .data.SystemCoreClock
                0x20000000        0x4 ./Core/Src/system_stm32f4xx.o
                0x20000000                SystemCoreClock
 .data.GPIO_PORT
                0x20000004        0x4 ./Drivers/BSP/STM32F4xx-Nucleo/stm32f4xx_nucleo.o
                0x20000004                GPIO_PORT
 .data.BUTTON_PORT
                0x20000008        0x4 ./Drivers/BSP/STM32F4xx-Nucleo/stm32f4xx_nucleo.o
                0x20000008                BUTTON_PORT
 .data.uwTickPrio
                0x2000000c        0x4 ./Drivers/STM32F4xx_HAL_Driver/Src/stm32f4xx_hal.o
                0x2000000c                uwTickPrio
 .data.uwTickFreq
                0x20000010        0x1 ./Drivers/STM32F4xx_HAL_Driver/Src/stm32f4xx_hal.o
                0x20000010                uwTickFreq
 *(.RamFunc)
 *(.RamFunc*)
                0x20000014                        . = ALIGN (0x4)
 *fill*         0x20000011        0x3 
                0x20000014                        _edata = .

.igot.plt       0x20000014        0x0 load address 0x08004ed0
 .igot.plt      0x20000014        0x0 /Applications/STM32CubeIDE.app/Contents/Eclipse/plugins/com.st.stm32cube.ide.mcu.externaltools.gnu-tools-for-stm32.14.3.rel1.macosaarch64_1.0.0.202602081740/tools/bin/../lib/gcc/arm-none-eabi/14.3.1/thumb/v7e-m+fp/hard/crtbegin.o
                0x20000014                        . = ALIGN (0x4)

.bss            0x20000014      0x22c load address 0x08004ed0
                0x20000014                        _sbss = .
                0x20000014                        __bss_start__ = _sbss
 *(.bss)
 .bss           0x20000014       0x1c /Applications/STM32CubeIDE.app/Contents/Eclipse/plugins/com.st.stm32cube.ide.mcu.externaltools.gnu-tools-for-stm32.14.3.rel1.macosaarch64_1.0.0.202602081740/tools/bin/../lib/gcc/arm-none-eabi/14.3.1/thumb/v7e-m+fp/hard/crtbegin.o
 *(.bss*)
 .bss.htim1     0x20000030       0x48 ./Core/Src/main.o
                0x20000030                htim1
 .bss.htim2     0x20000078       0x48 ./Core/Src/main.o
                0x20000078                htim2
 .bss.htim3     0x200000c0       0x48 ./Core/Src/main.o
                0x200000c0                htim3
 .bss.htim4     0x20000108       0x48 ./Core/Src/main.o
                0x20000108                htim4
 .bss.htim5     0x20000150       0x48 ./Core/Src/main.o
                0x20000150                htim5
 .bss.huart2    0x20000198       0x48 ./Core/Src/main.o
                0x20000198                huart2
 .bss.uwTick    0x200001e0        0x4 ./Drivers/STM32F4xx_HAL_Driver/Src/stm32f4xx_hal.o
                0x200001e0                uwTick
 .bss.communication_rx_byte
                0x200001e4        0x1 ./application/communication/communication.o
 *fill*         0x200001e5        0x3 
 .bss.communication_rx_buffer
                0x200001e8       0x10 ./application/communication/communication.o
 .bss.communication_rx_length
                0x200001f8        0x1 ./application/communication/communication.o
 .bss.communication_command_ready
                0x200001f9        0x1 ./application/communication/communication.o
 .bss.communication_discard_until_newline
                0x200001fa        0x1 ./application/communication/communication.o
 *fill*         0x200001fb        0x1 
 .bss.control_target_speeds
                0x200001fc        0x8 ./application/control/control.o
 .bss.control_front_left_pid
                0x20000204        0x8 ./application/control/control.o
 .bss.control_front_right_pid
                0x2000020c        0x8 ./application/control/control.o
 .bss.control_rear_left_pid
                0x20000214        0x8 ./application/control/control.o
 .bss.control_rear_right_pid
                0x2000021c        0x8 ./application/control/control.o
 .bss.sensor_wheel_speeds
                0x20000224        0x8 ./application/sensor/sensor.o
 .bss.sensor_raw_counts
                0x2000022c       0x10 ./application/sensor/sensor.o
 .bss.sensor_measurements_valid
                0x2000023c        0x1 ./application/sensor/sensor.o
 *(COMMON)
                0x20000240                        . = ALIGN (0x4)
 *fill*         0x2000023d        0x3 
                0x20000240                        _ebss = .
                0x20000240                        __bss_end__ = _ebss

._user_heap_stack
                0x20000240      0x600 load address 0x08004ed0
                0x20000240                        . = ALIGN (0x8)
                [!provide]                        PROVIDE (end = .)
                0x20000240                        PROVIDE (_end = .)
                0x20000440                        . = (. + _Min_Heap_Size)
 *fill*         0x20000240      0x200 
                0x20000840                        . = (. + _Min_Stack_Size)
 *fill*         0x20000440      0x400 
                0x20000840                        . = ALIGN (0x8)

/DISCARD/
 libc.a(*)
 libm.a(*)
 libgcc.a(*)

.ARM.attributes
                0x00000000       0x30
 *(.ARM.attributes)
 .ARM.attributes
                0x00000000       0x22 /Applications/STM32CubeIDE.app/Contents/Eclipse/plugins/com.st.stm32cube.ide.mcu.externaltools.gnu-tools-for-stm32.14.3.rel1.macosaarch64_1.0.0.202602081740/tools/bin/../lib/gcc/arm-none-eabi/14.3.1/thumb/v7e-m+fp/hard/crti.o
 .ARM.attributes
                0x00000022       0x34 /Applications/STM32CubeIDE.app/Contents/Eclipse/plugins/com.st.stm32cube.ide.mcu.externaltools.gnu-tools-for-stm32.14.3.rel1.macosaarch64_1.0.0.202602081740/tools/bin/../lib/gcc/arm-none-eabi/14.3.1/thumb/v7e-m+fp/hard/crtbegin.o
 .ARM.attributes
                0x00000056       0x34 ./Core/Src/main.o
 .ARM.attributes
                0x0000008a       0x34 ./Core/Src/stm32f4xx_hal_msp.o
 .ARM.attributes
                0x000000be       0x34 ./Core/Src/stm32f4xx_it.o
 .ARM.attributes
                0x000000f2       0x34 ./Core/Src/system_stm32f4xx.o
 .ARM.attributes
                0x00000126       0x21 ./Core/Startup/startup_stm32f446retx.o
 .ARM.attributes
                0x00000147       0x34 ./Drivers/BSP/STM32F4xx-Nucleo/stm32f4xx_nucleo.o
 .ARM.attributes
                0x0000017b       0x34 ./Drivers/STM32F4xx_HAL_Driver/Src/stm32f4xx_hal.o
 .ARM.attributes
                0x000001af       0x34 ./Drivers/STM32F4xx_HAL_Driver/Src/stm32f4xx_hal_cortex.o
 .ARM.attributes
                0x000001e3       0x34 ./Drivers/STM32F4xx_HAL_Driver/Src/stm32f4xx_hal_dma.o
 .ARM.attributes
                0x00000217       0x34 ./Drivers/STM32F4xx_HAL_Driver/Src/stm32f4xx_hal_gpio.o
 .ARM.attributes
                0x0000024b       0x34 ./Drivers/STM32F4xx_HAL_Driver/Src/stm32f4xx_hal_rcc.o
 .ARM.attributes
                0x0000027f       0x34 ./Drivers/STM32F4xx_HAL_Driver/Src/stm32f4xx_hal_rcc_ex.o
 .ARM.attributes
                0x000002b3       0x34 ./Drivers/STM32F4xx_HAL_Driver/Src/stm32f4xx_hal_tim.o
 .ARM.attributes
                0x000002e7       0x34 ./Drivers/STM32F4xx_HAL_Driver/Src/stm32f4xx_hal_tim_ex.o
 .ARM.attributes
                0x0000031b       0x34 ./Drivers/STM32F4xx_HAL_Driver/Src/stm32f4xx_hal_uart.o
 .ARM.attributes
                0x0000034f       0x34 ./application/communication/communication.o
 .ARM.attributes
                0x00000383       0x34 ./application/control/control.o
 .ARM.attributes
                0x000003b7       0x34 ./application/motor/motor.o
 .ARM.attributes
                0x000003eb       0x34 ./application/robot/robot.o
 .ARM.attributes
                0x0000041f       0x34 ./application/sensor/sensor.o
 .ARM.attributes
                0x00000453       0x34 /Applications/STM32CubeIDE.app/Contents/Eclipse/plugins/com.st.stm32cube.ide.mcu.externaltools.gnu-tools-for-stm32.14.3.rel1.macosaarch64_1.0.0.202602081740/tools/bin/../lib/gcc/arm-none-eabi/14.3.1/../../../../arm-none-eabi/lib/thumb/v7e-m+fp/hard/libc_nano.a(libc_a-memset.o)
 .ARM.attributes
                0x00000487       0x34 /Applications/STM32CubeIDE.app/Contents/Eclipse/plugins/com.st.stm32cube.ide.mcu.externaltools.gnu-tools-for-stm32.14.3.rel1.macosaarch64_1.0.0.202602081740/tools/bin/../lib/gcc/arm-none-eabi/14.3.1/../../../../arm-none-eabi/lib/thumb/v7e-m+fp/hard/libc_nano.a(libc_a-init.o)
 .ARM.attributes
                0x000004bb       0x22 /Applications/STM32CubeIDE.app/Contents/Eclipse/plugins/com.st.stm32cube.ide.mcu.externaltools.gnu-tools-for-stm32.14.3.rel1.macosaarch64_1.0.0.202602081740/tools/bin/../lib/gcc/arm-none-eabi/14.3.1/thumb/v7e-m+fp/hard/libgcc.a(_aeabi_uldivmod.o)
 .ARM.attributes
                0x000004dd       0x34 /Applications/STM32CubeIDE.app/Contents/Eclipse/plugins/com.st.stm32cube.ide.mcu.externaltools.gnu-tools-for-stm32.14.3.rel1.macosaarch64_1.0.0.202602081740/tools/bin/../lib/gcc/arm-none-eabi/14.3.1/thumb/v7e-m+fp/hard/libgcc.a(_udivmoddi4.o)
 .ARM.attributes
                0x00000511       0x22 /Applications/STM32CubeIDE.app/Contents/Eclipse/plugins/com.st.stm32cube.ide.mcu.externaltools.gnu-tools-for-stm32.14.3.rel1.macosaarch64_1.0.0.202602081740/tools/bin/../lib/gcc/arm-none-eabi/14.3.1/thumb/v7e-m+fp/hard/libgcc.a(_dvmd_tls.o)
 .ARM.attributes
                0x00000533       0x22 /Applications/STM32CubeIDE.app/Contents/Eclipse/plugins/com.st.stm32cube.ide.mcu.externaltools.gnu-tools-for-stm32.14.3.rel1.macosaarch64_1.0.0.202602081740/tools/bin/../lib/gcc/arm-none-eabi/14.3.1/thumb/v7e-m+fp/hard/crtn.o
OUTPUT(AI_Robotics_Platform_V1_STM32.elf elf32-littlearm)
LOAD linker stubs
LOAD /Applications/STM32CubeIDE.app/Contents/Eclipse/plugins/com.st.stm32cube.ide.mcu.externaltools.gnu-tools-for-stm32.14.3.rel1.macosaarch64_1.0.0.202602081740/tools/bin/../lib/gcc/arm-none-eabi/14.3.1/../../../../arm-none-eabi/lib/thumb/v7e-m+fp/hard/libc.a
LOAD /Applications/STM32CubeIDE.app/Contents/Eclipse/plugins/com.st.stm32cube.ide.mcu.externaltools.gnu-tools-for-stm32.14.3.rel1.macosaarch64_1.0.0.202602081740/tools/bin/../lib/gcc/arm-none-eabi/14.3.1/../../../../arm-none-eabi/lib/thumb/v7e-m+fp/hard/libm.a
LOAD /Applications/STM32CubeIDE.app/Contents/Eclipse/plugins/com.st.stm32cube.ide.mcu.externaltools.gnu-tools-for-stm32.14.3.rel1.macosaarch64_1.0.0.202602081740/tools/bin/../lib/gcc/arm-none-eabi/14.3.1/thumb/v7e-m+fp/hard/libgcc.a

.debug_info     0x00000000     0xfdd0
 .debug_info    0x00000000     0x13bf ./Core/Src/main.o
 .debug_info    0x000013bf     0x1117 ./Core/Src/stm32f4xx_hal_msp.o
 .debug_info    0x000024d6      0x65b ./Core/Src/stm32f4xx_it.o
 .debug_info    0x00002b31      0x54a ./Core/Src/system_stm32f4xx.o
 .debug_info    0x0000307b       0x30 ./Core/Startup/startup_stm32f446retx.o
 .debug_info    0x000030ab      0x949 ./Drivers/BSP/STM32F4xx-Nucleo/stm32f4xx_nucleo.o
 .debug_info    0x000039f4      0x99a ./Drivers/STM32F4xx_HAL_Driver/Src/stm32f4xx_hal.o
 .debug_info    0x0000438e      0xdaa ./Drivers/STM32F4xx_HAL_Driver/Src/stm32f4xx_hal_cortex.o
 .debug_info    0x00005138      0x8e7 ./Drivers/STM32F4xx_HAL_Driver/Src/stm32f4xx_hal_dma.o
 .debug_info    0x00005a1f      0x70b ./Drivers/STM32F4xx_HAL_Driver/Src/stm32f4xx_hal_gpio.o
 .debug_info    0x0000612a      0x8ff ./Drivers/STM32F4xx_HAL_Driver/Src/stm32f4xx_hal_rcc.o
 .debug_info    0x00006a29      0x960 ./Drivers/STM32F4xx_HAL_Driver/Src/stm32f4xx_hal_rcc_ex.o
 .debug_info    0x00007389     0x299d ./Drivers/STM32F4xx_HAL_Driver/Src/stm32f4xx_hal_tim.o
 .debug_info    0x00009d26     0x14db ./Drivers/STM32F4xx_HAL_Driver/Src/stm32f4xx_hal_tim_ex.o
 .debug_info    0x0000b201     0x2f4f ./Drivers/STM32F4xx_HAL_Driver/Src/stm32f4xx_hal_uart.o
 .debug_info    0x0000e150      0x7b5 ./application/communication/communication.o
 .debug_info    0x0000e905      0x32f ./application/control/control.o
 .debug_info    0x0000ec34      0x830 ./application/motor/motor.o
 .debug_info    0x0000f464      0x169 ./application/robot/robot.o
 .debug_info    0x0000f5cd      0x803 ./application/sensor/sensor.o

.debug_abbrev   0x00000000     0x27b9
 .debug_abbrev  0x00000000      0x29c ./Core/Src/main.o
 .debug_abbrev  0x0000029c      0x255 ./Core/Src/stm32f4xx_hal_msp.o
 .debug_abbrev  0x000004f1      0x18a ./Core/Src/stm32f4xx_it.o
 .debug_abbrev  0x0000067b      0x11a ./Core/Src/system_stm32f4xx.o
 .debug_abbrev  0x00000795       0x24 ./Core/Startup/startup_stm32f446retx.o
 .debug_abbrev  0x000007b9      0x238 ./Drivers/BSP/STM32F4xx-Nucleo/stm32f4xx_nucleo.o
 .debug_abbrev  0x000009f1      0x214 ./Drivers/STM32F4xx_HAL_Driver/Src/stm32f4xx_hal.o
 .debug_abbrev  0x00000c05      0x31d ./Drivers/STM32F4xx_HAL_Driver/Src/stm32f4xx_hal_cortex.o
 .debug_abbrev  0x00000f22      0x264 ./Drivers/STM32F4xx_HAL_Driver/Src/stm32f4xx_hal_dma.o
 .debug_abbrev  0x00001186      0x1d4 ./Drivers/STM32F4xx_HAL_Driver/Src/stm32f4xx_hal_gpio.o
 .debug_abbrev  0x0000135a      0x2b7 ./Drivers/STM32F4xx_HAL_Driver/Src/stm32f4xx_hal_rcc.o
 .debug_abbrev  0x00001611      0x211 ./Drivers/STM32F4xx_HAL_Driver/Src/stm32f4xx_hal_rcc_ex.o
 .debug_abbrev  0x00001822      0x278 ./Drivers/STM32F4xx_HAL_Driver/Src/stm32f4xx_hal_tim.o
 .debug_abbrev  0x00001a9a      0x283 ./Drivers/STM32F4xx_HAL_Driver/Src/stm32f4xx_hal_tim_ex.o
 .debug_abbrev  0x00001d1d      0x30e ./Drivers/STM32F4xx_HAL_Driver/Src/stm32f4xx_hal_uart.o
 .debug_abbrev  0x0000202b      0x1f5 ./application/communication/communication.o
 .debug_abbrev  0x00002220      0x146 ./application/control/control.o
 .debug_abbrev  0x00002366      0x1cd ./application/motor/motor.o
 .debug_abbrev  0x00002533       0xb2 ./application/robot/robot.o
 .debug_abbrev  0x000025e5      0x1d4 ./application/sensor/sensor.o

.debug_aranges  0x00000000      0xe28
 .debug_aranges
                0x00000000       0x68 ./Core/Src/main.o
 .debug_aranges
                0x00000068       0x50 ./Core/Src/stm32f4xx_hal_msp.o
 .debug_aranges
                0x000000b8       0x70 ./Core/Src/stm32f4xx_it.o
 .debug_aranges
                0x00000128       0x28 ./Core/Src/system_stm32f4xx.o
 .debug_aranges
                0x00000150       0x28 ./Core/Startup/startup_stm32f446retx.o
 .debug_aranges
                0x00000178       0x60 ./Drivers/BSP/STM32F4xx-Nucleo/stm32f4xx_nucleo.o
 .debug_aranges
                0x000001d8       0xf0 ./Drivers/STM32F4xx_HAL_Driver/Src/stm32f4xx_hal.o
 .debug_aranges
                0x000002c8      0x130 ./Drivers/STM32F4xx_HAL_Driver/Src/stm32f4xx_hal_cortex.o
 .debug_aranges
                0x000003f8       0x90 ./Drivers/STM32F4xx_HAL_Driver/Src/stm32f4xx_hal_dma.o
 .debug_aranges
                0x00000488       0x58 ./Drivers/STM32F4xx_HAL_Driver/Src/stm32f4xx_hal_gpio.o
 .debug_aranges
                0x000004e0       0x88 ./Drivers/STM32F4xx_HAL_Driver/Src/stm32f4xx_hal_rcc.o
 .debug_aranges
                0x00000568       0x78 ./Drivers/STM32F4xx_HAL_Driver/Src/stm32f4xx_hal_rcc_ex.o
 .debug_aranges
                0x000005e0      0x3d0 ./Drivers/STM32F4xx_HAL_Driver/Src/stm32f4xx_hal_tim.o
 .debug_aranges
                0x000009b0      0x168 ./Drivers/STM32F4xx_HAL_Driver/Src/stm32f4xx_hal_tim_ex.o
 .debug_aranges
                0x00000b18      0x208 ./Drivers/STM32F4xx_HAL_Driver/Src/stm32f4xx_hal_uart.o
 .debug_aranges
                0x00000d20       0x48 ./application/communication/communication.o
 .debug_aranges
                0x00000d68       0x48 ./application/control/control.o
 .debug_aranges
                0x00000db0       0x28 ./application/motor/motor.o
 .debug_aranges
                0x00000dd8       0x20 ./application/robot/robot.o
 .debug_aranges
                0x00000df8       0x30 ./application/sensor/sensor.o

.debug_rnglists
                0x00000000      0xb02
 .debug_rnglists
                0x00000000       0x50 ./Core/Src/main.o
 .debug_rnglists
                0x00000050       0x3b ./Core/Src/stm32f4xx_hal_msp.o
 .debug_rnglists
                0x0000008b       0x4f ./Core/Src/stm32f4xx_it.o
 .debug_rnglists
                0x000000da       0x1a ./Core/Src/system_stm32f4xx.o
 .debug_rnglists
                0x000000f4       0x19 ./Core/Startup/startup_stm32f446retx.o
 .debug_rnglists
                0x0000010d       0x44 ./Drivers/BSP/STM32F4xx-Nucleo/stm32f4xx_nucleo.o
 .debug_rnglists
                0x00000151       0xaf ./Drivers/STM32F4xx_HAL_Driver/Src/stm32f4xx_hal.o
 .debug_rnglists
                0x00000200       0xe0 ./Drivers/STM32F4xx_HAL_Driver/Src/stm32f4xx_hal_cortex.o
 .debug_rnglists
                0x000002e0       0x70 ./Drivers/STM32F4xx_HAL_Driver/Src/stm32f4xx_hal_dma.o
 .debug_rnglists
                0x00000350       0x3f ./Drivers/STM32F4xx_HAL_Driver/Src/stm32f4xx_hal_gpio.o
 .debug_rnglists
                0x0000038f       0x66 ./Drivers/STM32F4xx_HAL_Driver/Src/stm32f4xx_hal_rcc.o
 .debug_rnglists
                0x000003f5       0x5e ./Drivers/STM32F4xx_HAL_Driver/Src/stm32f4xx_hal_rcc_ex.o
 .debug_rnglists
                0x00000453      0x31a ./Drivers/STM32F4xx_HAL_Driver/Src/stm32f4xx_hal_tim.o
 .debug_rnglists
                0x0000076d      0x125 ./Drivers/STM32F4xx_HAL_Driver/Src/stm32f4xx_hal_tim_ex.o
 .debug_rnglists
                0x00000892      0x1bc ./Drivers/STM32F4xx_HAL_Driver/Src/stm32f4xx_hal_uart.o
 .debug_rnglists
                0x00000a4e       0x33 ./application/communication/communication.o
 .debug_rnglists
                0x00000a81       0x32 ./application/control/control.o
 .debug_rnglists
                0x00000ab3       0x1b ./application/motor/motor.o
 .debug_rnglists
                0x00000ace       0x14 ./application/robot/robot.o
 .debug_rnglists
                0x00000ae2       0x20 ./application/sensor/sensor.o

.debug_macro    0x00000000    0x21c1d
 .debug_macro   0x00000000      0x20e ./Core/Src/main.o
 .debug_macro   0x0000020e      0xade ./Core/Src/main.o
 .debug_macro   0x00000cec      0x29b ./Core/Src/main.o
 .debug_macro   0x00000f87       0x2e ./Core/Src/main.o
 .debug_macro   0x00000fb5       0x28 ./Core/Src/main.o
 .debug_macro   0x00000fdd       0x22 ./Core/Src/main.o
 .debug_macro   0x00000fff       0x8e ./Core/Src/main.o
 .debug_macro   0x0000108d       0x51 ./Core/Src/main.o
 .debug_macro   0x000010de      0x103 ./Core/Src/main.o
 .debug_macro   0x000011e1       0x6a ./Core/Src/main.o
 .debug_macro   0x0000124b      0x1df ./Core/Src/main.o
 .debug_macro   0x0000142a       0x1c ./Core/Src/main.o
 .debug_macro   0x00001446       0x22 ./Core/Src/main.o
 .debug_macro   0x00001468       0xfb ./Core/Src/main.o
 .debug_macro   0x00001563     0x1011 ./Core/Src/main.o
 .debug_macro   0x00002574      0x11f ./Core/Src/main.o
 .debug_macro   0x00002693    0x1675e ./Core/Src/main.o
 .debug_macro   0x00018df1       0x6d ./Core/Src/main.o
 .debug_macro   0x00018e5e     0x3693 ./Core/Src/main.o
 .debug_macro   0x0001c4f1      0x190 ./Core/Src/main.o
 .debug_macro   0x0001c681       0x5c ./Core/Src/main.o
 .debug_macro   0x0001c6dd      0xca5 ./Core/Src/main.o
 .debug_macro   0x0001d382      0x9e9 ./Core/Src/main.o
 .debug_macro   0x0001dd6b      0x115 ./Core/Src/main.o
 .debug_macro   0x0001de80      0x1a0 ./Core/Src/main.o
 .debug_macro   0x0001e020       0xa5 ./Core/Src/main.o
 .debug_macro   0x0001e0c5      0x16d ./Core/Src/main.o
 .debug_macro   0x0001e232      0x287 ./Core/Src/main.o
 .debug_macro   0x0001e4b9       0x5f ./Core/Src/main.o
 .debug_macro   0x0001e518      0x236 ./Core/Src/main.o
 .debug_macro   0x0001e74e      0x132 ./Core/Src/main.o
 .debug_macro   0x0001e880      0x29c ./Core/Src/main.o
 .debug_macro   0x0001eb1c       0x2e ./Core/Src/main.o
 .debug_macro   0x0001eb4a      0x127 ./Core/Src/main.o
 .debug_macro   0x0001ec71       0xe8 ./Core/Src/main.o
 .debug_macro   0x0001ed59       0x89 ./Core/Src/main.o
 .debug_macro   0x0001ede2      0x8ed ./Core/Src/main.o
 .debug_macro   0x0001f6cf       0x53 ./Core/Src/main.o
 .debug_macro   0x0001f722      0x2aa ./Core/Src/main.o
 .debug_macro   0x0001f9cc      0x126 ./Core/Src/main.o
 .debug_macro   0x0001faf2       0xa1 ./Core/Src/main.o
 .debug_macro   0x0001fb93       0x40 ./Core/Src/main.o
 .debug_macro   0x0001fbd3      0x1e6 ./Core/Src/stm32f4xx_hal_msp.o
 .debug_macro   0x0001fdb9      0x1f0 ./Core/Src/stm32f4xx_it.o
 .debug_macro   0x0001ffa9      0x1ce ./Core/Src/system_stm32f4xx.o
 .debug_macro   0x00020177      0x207 ./Drivers/BSP/STM32F4xx-Nucleo/stm32f4xx_nucleo.o
 .debug_macro   0x0002037e       0x9b ./Drivers/BSP/STM32F4xx-Nucleo/stm32f4xx_nucleo.o
 .debug_macro   0x00020419      0x22e ./Drivers/STM32F4xx_HAL_Driver/Src/stm32f4xx_hal.o
 .debug_macro   0x00020647      0x1ce ./Drivers/STM32F4xx_HAL_Driver/Src/stm32f4xx_hal_cortex.o
 .debug_macro   0x00020815      0x1d4 ./Drivers/STM32F4xx_HAL_Driver/Src/stm32f4xx_hal_dma.o
 .debug_macro   0x000209e9      0x1d4 ./Drivers/STM32F4xx_HAL_Driver/Src/stm32f4xx_hal_gpio.o
 .debug_macro   0x00020bbd      0x1f2 ./Drivers/STM32F4xx_HAL_Driver/Src/stm32f4xx_hal_rcc.o
 .debug_macro   0x00020daf      0x1ce ./Drivers/STM32F4xx_HAL_Driver/Src/stm32f4xx_hal_rcc_ex.o
 .debug_macro   0x00020f7d      0x1cf ./Drivers/STM32F4xx_HAL_Driver/Src/stm32f4xx_hal_tim.o
 .debug_macro   0x0002114c      0x1ce ./Drivers/STM32F4xx_HAL_Driver/Src/stm32f4xx_hal_tim_ex.o
 .debug_macro   0x0002131a      0x1cf ./Drivers/STM32F4xx_HAL_Driver/Src/stm32f4xx_hal_uart.o
 .debug_macro   0x000214e9      0x210 ./application/communication/communication.o
 .debug_macro   0x000216f9       0x9f ./application/control/control.o
 .debug_macro   0x00021798      0x214 ./application/motor/motor.o
 .debug_macro   0x000219ac       0x81 ./application/robot/robot.o
 .debug_macro   0x00021a2d      0x1f0 ./application/sensor/sensor.o

.debug_line     0x00000000    0x117f5
 .debug_line    0x00000000      0xaf9 ./Core/Src/main.o
 .debug_line    0x00000af9      0x8ca ./Core/Src/stm32f4xx_hal_msp.o
 .debug_line    0x000013c3      0x804 ./Core/Src/stm32f4xx_it.o
 .debug_line    0x00001bc7      0x765 ./Core/Src/system_stm32f4xx.o
 .debug_line    0x0000232c       0x7a ./Core/Startup/startup_stm32f446retx.o
 .debug_line    0x000023a6      0x843 ./Drivers/BSP/STM32F4xx-Nucleo/stm32f4xx_nucleo.o
 .debug_line    0x00002be9      0x9e4 ./Drivers/STM32F4xx_HAL_Driver/Src/stm32f4xx_hal.o
 .debug_line    0x000035cd      0xcb1 ./Drivers/STM32F4xx_HAL_Driver/Src/stm32f4xx_hal_cortex.o
 .debug_line    0x0000427e      0xf4d ./Drivers/STM32F4xx_HAL_Driver/Src/stm32f4xx_hal_dma.o
 .debug_line    0x000051cb      0xb22 ./Drivers/STM32F4xx_HAL_Driver/Src/stm32f4xx_hal_gpio.o
 .debug_line    0x00005ced      0xdfc ./Drivers/STM32F4xx_HAL_Driver/Src/stm32f4xx_hal_rcc.o
 .debug_line    0x00006ae9     0x14ad ./Drivers/STM32F4xx_HAL_Driver/Src/stm32f4xx_hal_rcc_ex.o
 .debug_line    0x00007f96     0x375c ./Drivers/STM32F4xx_HAL_Driver/Src/stm32f4xx_hal_tim.o
 .debug_line    0x0000b6f2     0x1941 ./Drivers/STM32F4xx_HAL_Driver/Src/stm32f4xx_hal_tim_ex.o
 .debug_line    0x0000d033     0x2529 ./Drivers/STM32F4xx_HAL_Driver/Src/stm32f4xx_hal_uart.o
 .debug_line    0x0000f55c      0x947 ./application/communication/communication.o
 .debug_line    0x0000fea3      0x515 ./application/control/control.o
 .debug_line    0x000103b8      0x80c ./application/motor/motor.o
 .debug_line    0x00010bc4      0x451 ./application/robot/robot.o
 .debug_line    0x00011015      0x7e0 ./application/sensor/sensor.o

.debug_str      0x00000000    0xce2b9
 .debug_str     0x00000000    0xce2b9 ./Core/Src/main.o
                              0xcaabe (size before relaxing)
 .debug_str     0x000ce2b9    0xcaacf ./Core/Src/stm32f4xx_hal_msp.o
 .debug_str     0x000ce2b9    0xca121 ./Core/Src/stm32f4xx_it.o
 .debug_str     0x000ce2b9    0xc98cb ./Core/Src/system_stm32f4xx.o
 .debug_str     0x000ce2b9       0x9c ./Core/Startup/startup_stm32f446retx.o
 .debug_str     0x000ce2b9    0xca575 ./Drivers/BSP/STM32F4xx-Nucleo/stm32f4xx_nucleo.o
 .debug_str     0x000ce2b9    0xca490 ./Drivers/STM32F4xx_HAL_Driver/Src/stm32f4xx_hal.o
 .debug_str     0x000ce2b9    0xca1e7 ./Drivers/STM32F4xx_HAL_Driver/Src/stm32f4xx_hal_cortex.o
 .debug_str     0x000ce2b9    0xc9cc0 ./Drivers/STM32F4xx_HAL_Driver/Src/stm32f4xx_hal_dma.o
 .debug_str     0x000ce2b9    0xc9a46 ./Drivers/STM32F4xx_HAL_Driver/Src/stm32f4xx_hal_gpio.o
 .debug_str     0x000ce2b9    0xc9d04 ./Drivers/STM32F4xx_HAL_Driver/Src/stm32f4xx_hal_rcc.o
 .debug_str     0x000ce2b9    0xc9d37 ./Drivers/STM32F4xx_HAL_Driver/Src/stm32f4xx_hal_rcc_ex.o
 .debug_str     0x000ce2b9    0xcac30 ./Drivers/STM32F4xx_HAL_Driver/Src/stm32f4xx_hal_tim.o
 .debug_str     0x000ce2b9    0xca43c ./Drivers/STM32F4xx_HAL_Driver/Src/stm32f4xx_hal_tim_ex.o
 .debug_str     0x000ce2b9    0xca2bb ./Drivers/STM32F4xx_HAL_Driver/Src/stm32f4xx_hal_uart.o
 .debug_str     0x000ce2b9    0xca2f4 ./application/communication/communication.o
 .debug_str     0x000ce2b9     0x40c9 ./application/control/control.o
 .debug_str     0x000ce2b9    0xca36b ./application/motor/motor.o
 .debug_str     0x000ce2b9     0x3f10 ./application/robot/robot.o
 .debug_str     0x000ce2b9    0xca239 ./application/sensor/sensor.o

.comment        0x00000000       0x43
 .comment       0x00000000       0x43 ./Core/Src/main.o
                                 0x44 (size before relaxing)
 .comment       0x00000043       0x44 ./Core/Src/stm32f4xx_hal_msp.o
 .comment       0x00000043       0x44 ./Core/Src/stm32f4xx_it.o
 .comment       0x00000043       0x44 ./Core/Src/system_stm32f4xx.o
 .comment       0x00000043       0x44 ./Drivers/BSP/STM32F4xx-Nucleo/stm32f4xx_nucleo.o
 .comment       0x00000043       0x44 ./Drivers/STM32F4xx_HAL_Driver/Src/stm32f4xx_hal.o
 .comment       0x00000043       0x44 ./Drivers/STM32F4xx_HAL_Driver/Src/stm32f4xx_hal_cortex.o
 .comment       0x00000043       0x44 ./Drivers/STM32F4xx_HAL_Driver/Src/stm32f4xx_hal_dma.o
 .comment       0x00000043       0x44 ./Drivers/STM32F4xx_HAL_Driver/Src/stm32f4xx_hal_gpio.o
 .comment       0x00000043       0x44 ./Drivers/STM32F4xx_HAL_Driver/Src/stm32f4xx_hal_rcc.o
 .comment       0x00000043       0x44 ./Drivers/STM32F4xx_HAL_Driver/Src/stm32f4xx_hal_rcc_ex.o
 .comment       0x00000043       0x44 ./Drivers/STM32F4xx_HAL_Driver/Src/stm32f4xx_hal_tim.o
 .comment       0x00000043       0x44 ./Drivers/STM32F4xx_HAL_Driver/Src/stm32f4xx_hal_tim_ex.o
 .comment       0x00000043       0x44 ./Drivers/STM32F4xx_HAL_Driver/Src/stm32f4xx_hal_uart.o
 .comment       0x00000043       0x44 ./application/communication/communication.o
 .comment       0x00000043       0x44 ./application/control/control.o
 .comment       0x00000043       0x44 ./application/motor/motor.o
 .comment       0x00000043       0x44 ./application/robot/robot.o
 .comment       0x00000043       0x44 ./application/sensor/sensor.o

.debug_frame    0x00000000     0x3760
 .debug_frame   0x00000000      0x15c ./Core/Src/main.o
 .debug_frame   0x0000015c      0x10c ./Core/Src/stm32f4xx_hal_msp.o
 .debug_frame   0x00000268      0x130 ./Core/Src/stm32f4xx_it.o
 .debug_frame   0x00000398       0x50 ./Core/Src/system_stm32f4xx.o
 .debug_frame   0x000003e8      0x14c ./Drivers/BSP/STM32F4xx-Nucleo/stm32f4xx_nucleo.o
 .debug_frame   0x00000534      0x31c ./Drivers/STM32F4xx_HAL_Driver/Src/stm32f4xx_hal.o
 .debug_frame   0x00000850      0x4b8 ./Drivers/STM32F4xx_HAL_Driver/Src/stm32f4xx_hal_cortex.o
 .debug_frame   0x00000d08      0x230 ./Drivers/STM32F4xx_HAL_Driver/Src/stm32f4xx_hal_dma.o
 .debug_frame   0x00000f38      0x130 ./Drivers/STM32F4xx_HAL_Driver/Src/stm32f4xx_hal_gpio.o
 .debug_frame   0x00001068      0x1d8 ./Drivers/STM32F4xx_HAL_Driver/Src/stm32f4xx_hal_rcc.o
 .debug_frame   0x00001240      0x1d8 ./Drivers/STM32F4xx_HAL_Driver/Src/stm32f4xx_hal_rcc_ex.o
 .debug_frame   0x00001418     0x10f0 ./Drivers/STM32F4xx_HAL_Driver/Src/stm32f4xx_hal_tim.o
 .debug_frame   0x00002508      0x600 ./Drivers/STM32F4xx_HAL_Driver/Src/stm32f4xx_hal_tim_ex.o
 .debug_frame   0x00002b08      0x8ec ./Drivers/STM32F4xx_HAL_Driver/Src/stm32f4xx_hal_uart.o
 .debug_frame   0x000033f4       0xd8 ./application/communication/communication.o
 .debug_frame   0x000034cc       0xec ./application/control/control.o
 .debug_frame   0x000035b8       0x54 ./application/motor/motor.o
 .debug_frame   0x0000360c       0x34 ./application/robot/robot.o
 .debug_frame   0x00003640       0x74 ./application/sensor/sensor.o
 .debug_frame   0x000036b4       0x20 /Applications/STM32CubeIDE.app/Contents/Eclipse/plugins/com.st.stm32cube.ide.mcu.externaltools.gnu-tools-for-stm32.14.3.rel1.macosaarch64_1.0.0.202602081740/tools/bin/../lib/gcc/arm-none-eabi/14.3.1/../../../../arm-none-eabi/lib/thumb/v7e-m+fp/hard/libc_nano.a(libc_a-memset.o)
 .debug_frame   0x000036d4       0x2c /Applications/STM32CubeIDE.app/Contents/Eclipse/plugins/com.st.stm32cube.ide.mcu.externaltools.gnu-tools-for-stm32.14.3.rel1.macosaarch64_1.0.0.202602081740/tools/bin/../lib/gcc/arm-none-eabi/14.3.1/../../../../arm-none-eabi/lib/thumb/v7e-m+fp/hard/libc_nano.a(libc_a-init.o)
 .debug_frame   0x00003700       0x2c /Applications/STM32CubeIDE.app/Contents/Eclipse/plugins/com.st.stm32cube.ide.mcu.externaltools.gnu-tools-for-stm32.14.3.rel1.macosaarch64_1.0.0.202602081740/tools/bin/../lib/gcc/arm-none-eabi/14.3.1/thumb/v7e-m+fp/hard/libgcc.a(_aeabi_uldivmod.o)
 .debug_frame   0x0000372c       0x34 /Applications/STM32CubeIDE.app/Contents/Eclipse/plugins/com.st.stm32cube.ide.mcu.externaltools.gnu-tools-for-stm32.14.3.rel1.macosaarch64_1.0.0.202602081740/tools/bin/../lib/gcc/arm-none-eabi/14.3.1/thumb/v7e-m+fp/hard/libgcc.a(_udivmoddi4.o)

.debug_line_str
                0x00000000       0x80
 .debug_line_str
                0x00000000       0x80 ./Core/Startup/startup_stm32f446retx.o
